<html>
<body>
<pre>
<h1>µVision Build Log</h1>
<h2>Project:</h2>
F:\STM32\MyProject\Future_Watch_V2.0\USER\Future_Watch_V2.0.uvproj
Project File Date:  08/23/2016

<h2>Output:</h2>
Rebuild target 'Target 1'
assembling startup_stm32f40_41xxx.s...
compiling main.c...
compiling battery.c...
compiling DMA.c...
compiling gpio.c...
compiling heart.c...
compiling wdg.c...
compiling key.c...
compiling led.c...
compiling mlx90615.c...
compiling motor.c...
compiling mpu_iic.c...
compiling mpu6050.c...
compiling rtc.c...
compiling stmflash.c...
compiling backlit.c...
compiling FT6236.c...
compiling FT6236_iic.c...
compiling st7789.c...
compiling timer_4.c...
compiling usart_2.c...
compiling usr_wifi.c...
compiling display.c...
compiling get_data.c...
compiling delay.c...
compiling sys.c...
compiling Interrupt.c...
compiling os_flag.c...
compiling os_mbox.c...
compiling os_mem.c...
compiling os_mutex.c...
compiling os_q.c...
compiling os_sem.c...
compiling os_task.c...
compiling os_time.c...
compiling os_tmr.c...
compiling os_core.c...
compiling os_cpu_c.c...
assembling os_cpu_a.asm...
compiling GUI_X_Touch_Analog.c...
compiling GUIConf.c...
compiling GUIDRV_Template.c...
compiling LCDConf_FlexColor_Template.c...
compiling GUI_X_OS.c...
compiling dispwifi.c...
compiling watch.c...
compiling dispdata.c...
compiling wifibottun.c...
compiling help.c...
compiling medicine.c...
compiling myfont.c...
compiling startmcu.c...
compiling connection.c...
compiling inv_mpu_dmp_motion_driver.c...
compiling inv_mpu.c...
linking...
Program Size: Code=109246 RO-data=271750 RW-data=1156 ZI-data=95404  
FromELF: creating hex file...
"..\OBJ\Future_Watch_V2.0" - 0 Error(s), 0 Warning(s).
</pre>
</body>
</html>
