C51 COMPILER V9.52.0.0   TABLE                                                             09/03/2015 11:52:42 PAGE 1   


C51 COMPILER V9.52.0.0, COMPILATION OF MODULE TABLE
OBJECT MODULE PLACED IN .\Output\table.obj
COMPILER INVOKED BY: C:\Keil\C51\BIN\C51.EXE Code\table.c OPTIMIZE(7,SPEED) BROWSE INCDIR(..\..\Include;..\..\Common) DE
                    -FINE(FOSC_221184) DEBUG OBJECTEXTEND PRINT(.\List\table.lst) TABS(2) OBJECT(.\Output\table.obj)

line level    source

   1          
   2          unsigned char code stdata [] = 
   3          {
   4           0xB1,0xF5,0xB5,0xF5,0xAC,0x75,0xE8,0x0F,
   5           0x75,0xE1,0x71,0xD2,0xAE,0xD2,0xAF,0xF5,
   6           0x0A,0xF5,0x0B,0xAE,0x0A,0xAF,0x0B,0xE4,
   7           0xFC,0xFD,0x7B,0xFA,0x7A,0xFF,0xF9,0xF8,
   8           0xC3,0x12,0x00,0x03,0x40,0x0A,0x05,0x0B,
   9           0xE5,0x0B,0x70,0xE7,0x05,0x0A,0x80,0xE3,
  10           0xE4,0xF5,0x08,0xF5,0x09,0x7D,0x01,0xD2,
  11           0xEE,0x43,0x87,0x01,0xAF,0xC3,0xEF,0x75,
  12           0xF0,0x04,0xA4,0xFF,0xAE,0xF0,0xAC,0xC2,
  13           0xEC,0xFB,0xEF,0x4B,0x25,0x09,0xF5,0x09
  14          };  


MODULE INFORMATION:   STATIC OVERLAYABLE
   CODE SIZE        =   ----    ----
   CONSTANT SIZE    =     80    ----
   XDATA SIZE       =   ----    ----
   PDATA SIZE       =   ----    ----
   DATA SIZE        =   ----    ----
   IDATA SIZE       =   ----    ----
   BIT SIZE         =   ----    ----
END OF MODULE INFORMATION.


C51 COMPILATION COMPLETE.  0 WARNING(S),  0 ERROR(S)
