<html>
<body>
<pre>
<h1>µVision Build Log</h1>
<h2>Project:</h2>
E:\work\iClock\iClock_DEV_SDK_V5.0.0\Projects\MDK_ARM\iLook.Time.uvproj
Project File Date:  08/15/2015

<h2>Output:</h2>
Build target 'Target 1'
compiling hw_config.c...
compiling stm32_it.c...
compiling main.c...
compiling system_stm32f10x.c...
assembling startup_stm32f10x_hd.s...
compiling usb_core.c...
compiling usb_init.c...
compiling usb_int.c...
compiling usb_mem.c...
compiling usb_regs.c...
compiling usb_sil.c...
compiling misc.c...
compiling stm32f10x_can.c...
compiling stm32f10x_gpio.c...
compiling stm32f10x_spi.c...
compiling stm32f10x_usart.c...
compiling stm32f10x_exti.c...
compiling stm32f10x_pwr.c...
compiling stm32f10x_adc.c...
compiling stm32f10x_bkp.c...
compiling stm32f10x_cec.c...
compiling stm32f10x_crc.c...
compiling stm32f10x_dac.c...
compiling stm32f10x_dbgmcu.c...
compiling stm32f10x_flash.c...
compiling stm32f10x_fsmc.c...
compiling stm32f10x_iwdg.c...
compiling stm32f10x_rcc.c...
compiling stm32f10x_rtc.c...
compiling stm32f10x_sdio.c...
compiling stm32f10x_tim.c...
compiling stm32f10x_wwdg.c...
compiling spiflash.c...
compiling rtc.c...
compiling displayer_T.c...
compiling sof_iic.c...
compiling mass_mal.c...
compiling memory.c...
compiling scsi_data.c...
compiling usb_bot.c...
compiling usb_desc.c...
compiling usb_endp.c...
compiling usb_istr.c...
compiling usb_prop.c...
compiling usb_pwr.c...
compiling usb_scsi.c...
compiling sys_tick.c...
compiling sys_mem.c...
compiling sys_hw.c...
compiling task.c...
compiling graphical.c...
compiling datetime.c...
compiling my_string.c...
compiling diskio.c...
compiling ff.c...
..\FATfs\ff.c(858): warning:  #550-D: variable "lfen" was set but never used
..\FATfs\ff.c(858): warning:  #550-D: variable "ord" was set but never used
..\FATfs\ff.c(858): warning:  #550-D: variable "sum" was set but never used
..\FATfs\ff.c(921): warning:  #550-D: variable "ord" was set but never used
..\FATfs\ff.c(921): warning:  #550-D: variable "sum" was set but never used
..\FATfs\ff.c(1993): warning:  #550-D: variable "tmp" was set but never used
..\FATfs\ff.c(3042): warning:  #177-D: variable "f2" was declared but never referenced
..\FATfs\ff.c(3043): warning:  #177-D: variable "buff" was declared but never referenced
..\FATfs\ff.c(3043): warning:  #177-D: variable "i" was declared but never referenced
..\FATfs\ff.c(3044): warning:  #177-D: variable "bw" was declared but never referenced
..\FATfs\ff.c(3081): warning:  #940-D: missing return statement at end of non-void function "disc_unmount"
compiling iclock_file.c...
compiling basic_task.c...
..\iClock_Test0\src\basic_task.c(209): warning:  #223-D: function "disc_unmount" declared implicitly
compiling ui.c...
linking...
Program Size: Code=51966 RO-data=5562 RW-data=640 ZI-data=17456  
FromELF: creating hex file...
".\obj\iLook.Time.axf" - 0 Error(s), 12 Warning(s).
