<html>
<body>
<pre>
<h1>礦ision Build Log</h1>
<h2>Project:</h2>
H:\Designer\Program\CodeTest\Hardware\实验22 IIC实验\USER\IIC.uvproj
Project File Date:  <unknown>

<h2>Output:</h2>
Build target 'Target 1'
compiling main.c...
compiling stm32f10x_it.c...
compiling system_stm32f10x.c...
compiling led.c...
compiling key.c...
compiling lcd.c...
compiling myiic.c...
compiling 24cxx.c...
compiling delay.c...
compiling sys.c...
compiling usart.c...
compiling core_cm3.c...
assembling startup_stm32f10x_hd.s...
compiling misc.c...
compiling stm32f10x_fsmc.c...
compiling stm32f10x_gpio.c...
compiling stm32f10x_rcc.c...
compiling stm32f10x_usart.c...
compiling stm32f10x_tim.c...
compiling usmart.c...
compiling usmart_config.c...
compiling usmart_str.c...
linking...
Program Size: Code=30980 RO-data=3304 RW-data=380 ZI-data=1844  
FromELF: creating hex file...
"..\OBJ\IIC.axf" - 0 Error(s), 0 Warning(s).
compiling main.c...
main.c(20): warning:  #177-D: variable "key" was declared but never referenced
main.c(21): warning:  #177-D: variable "i" was declared but never referenced
main.c(22): warning:  #177-D: variable "datatemp" was declared but never referenced
main.c - 0 Error(s), 3 Warning(s).
compiling main.c...
main.c - 0 Error(s), 0 Warning(s).
Build target 'Target 1'
linking...
Program Size: Code=30324 RO-data=3284 RW-data=380 ZI-data=1844  
FromELF: creating hex file...
"..\OBJ\IIC.axf" - 0 Error(s), 0 Warning(s).
Build target 'Target 1'
linking...
Program Size: Code=30324 RO-data=3284 RW-data=380 ZI-data=1844  
FromELF: creating hex file...
"..\OBJ\IIC.axf" - 0 Error(s), 0 Warning(s).
compiling main.c...
main.c(39): warning:  #223-D: function "dlay_ms" declared implicitly
main.c - 0 Error(s), 1 Warning(s).
compiling main.c...
main.c - 0 Error(s), 0 Warning(s).
compiling main.c...
main.c - 0 Error(s), 0 Warning(s).
Build target 'Target 1'
compiling main.c...
linking...
Program Size: Code=30392 RO-data=3284 RW-data=380 ZI-data=1844  
FromELF: creating hex file...
"..\OBJ\IIC.axf" - 0 Error(s), 0 Warning(s).
Build target 'Target 1'
linking...
Program Size: Code=30392 RO-data=3284 RW-data=380 ZI-data=1844  
FromELF: creating hex file...
"..\OBJ\IIC.axf" - 0 Error(s), 0 Warning(s).
Build target 'Target 1'
compiling main.c...
linking...
Program Size: Code=30408 RO-data=3284 RW-data=380 ZI-data=1844  
FromELF: creating hex file...
"..\OBJ\IIC.axf" - 0 Error(s), 0 Warning(s).
Rebuild target 'Target 1'
compiling main.c...
compiling stm32f10x_it.c...
compiling system_stm32f10x.c...
compiling led.c...
compiling key.c...
compiling lcd.c...
compiling myiic.c...
compiling 24cxx.c...
compiling delay.c...
compiling sys.c...
compiling usart.c...
compiling core_cm3.c...
assembling startup_stm32f10x_hd.s...
compiling misc.c...
compiling stm32f10x_fsmc.c...
compiling stm32f10x_gpio.c...
compiling stm32f10x_rcc.c...
compiling stm32f10x_usart.c...
compiling stm32f10x_tim.c...
compiling usmart.c...
compiling usmart_config.c...
compiling usmart_str.c...
linking...
Program Size: Code=30412 RO-data=3284 RW-data=380 ZI-data=1844  
FromELF: creating hex file...
"..\OBJ\IIC.axf" - 0 Error(s), 0 Warning(s).
Rebuild target 'Target 1'
compiling main.c...
compiling stm32f10x_it.c...
compiling system_stm32f10x.c...
compiling led.c...
compiling key.c...
compiling lcd.c...
compiling myiic.c...
compiling 24cxx.c...
compiling delay.c...
compiling sys.c...
compiling usart.c...
compiling core_cm3.c...
assembling startup_stm32f10x_hd.s...
compiling misc.c...
compiling stm32f10x_fsmc.c...
compiling stm32f10x_gpio.c...
compiling stm32f10x_rcc.c...
compiling stm32f10x_usart.c...
compiling stm32f10x_tim.c...
compiling usmart.c...
compiling usmart_config.c...
compiling usmart_str.c...
linking...
Program Size: Code=30412 RO-data=3284 RW-data=380 ZI-data=1844  
FromELF: creating hex file...
"..\OBJ\IICNEW.axf" - 0 Error(s), 0 Warning(s).
Build target 'Target 1'
compiling main.c...
main.c(28): warning:  #223-D: function "LCD_Init" declared implicitly
linking...
Program Size: Code=30412 RO-data=3284 RW-data=380 ZI-data=1844  
FromELF: creating hex file...
"..\OBJ\IICNEW.axf" - 0 Error(s), 1 Warning(s).
compiling main.c...
main.c - 0 Error(s), 0 Warning(s).
Build target 'Target 1'
linking...
Program Size: Code=15076 RO-data=624 RW-data=376 ZI-data=1832  
FromELF: creating hex file...
"..\OBJ\IICNEW.axf" - 0 Error(s), 0 Warning(s).
Rebuild target 'Target 1'
compiling main.c...
compiling stm32f10x_it.c...
compiling system_stm32f10x.c...
compiling led.c...
compiling key.c...
compiling lcd.c...
compiling myiic.c...
compiling 24cxx.c...
compiling delay.c...
compiling sys.c...
compiling usart.c...
compiling core_cm3.c...
assembling startup_stm32f10x_hd.s...
compiling misc.c...
compiling stm32f10x_fsmc.c...
compiling stm32f10x_gpio.c...
compiling stm32f10x_rcc.c...
compiling stm32f10x_usart.c...
compiling stm32f10x_tim.c...
compiling usmart.c...
compiling usmart_config.c...
compiling usmart_str.c...
linking...
Program Size: Code=15076 RO-data=624 RW-data=376 ZI-data=1832  
FromELF: creating hex file...
"..\OBJ\IICNEW.axf" - 0 Error(s), 0 Warning(s).
Build target 'Target 1'
compiling main.c...
linking...
Program Size: Code=15088 RO-data=624 RW-data=376 ZI-data=1832  
FromELF: creating hex file...
"..\OBJ\IICNEW.axf" - 0 Error(s), 0 Warning(s).
Build target 'Target 1'
linking...
Program Size: Code=15088 RO-data=624 RW-data=376 ZI-data=1832  
FromELF: creating hex file...
"..\OBJ\IICNEW.axf" - 0 Error(s), 0 Warning(s).
Build target 'Target 1'
compiling main.c...
linking...
Program Size: Code=15088 RO-data=624 RW-data=376 ZI-data=1832  
FromELF: creating hex file...
"..\OBJ\IICNEW.axf" - 0 Error(s), 0 Warning(s).
Build target 'Target 1'
compiling main.c...
linking...
Program Size: Code=15076 RO-data=624 RW-data=376 ZI-data=1832  
FromELF: creating hex file...
"..\OBJ\IICNEW.axf" - 0 Error(s), 0 Warning(s).
Build target 'Target 1'
compiling main.c...
linking...
Program Size: Code=15072 RO-data=624 RW-data=376 ZI-data=1832  
FromELF: creating hex file...
"..\OBJ\IICNEW.axf" - 0 Error(s), 0 Warning(s).
compiling main.c...
main.c - 0 Error(s), 0 Warning(s).
Build target 'Target 1'
linking...
Program Size: Code=15144 RO-data=624 RW-data=376 ZI-data=1832  
FromELF: creating hex file...
"..\OBJ\IICNEW.axf" - 0 Error(s), 0 Warning(s).
compiling main.c...
main.c(72): warning:  #177-D: variable "temp" was declared but never referenced
main.c - 0 Error(s), 1 Warning(s).
Build target 'Target 1'
compiling main.c...
linking...
Program Size: Code=15184 RO-data=624 RW-data=376 ZI-data=1832  
FromELF: creating hex file...
"..\OBJ\IICNEW.axf" - 0 Error(s), 0 Warning(s).
Build target 'Target 1'
compiling main.c...
linking...
Program Size: Code=15192 RO-data=624 RW-data=376 ZI-data=1832  
FromELF: creating hex file...
"..\OBJ\IICNEW.axf" - 0 Error(s), 0 Warning(s).
Build target 'Target 1'
compiling main.c...
main.c(22): warning:  #177-D: variable "iLoop_i" was declared but never referenced
linking...
Program Size: Code=15132 RO-data=624 RW-data=376 ZI-data=1832  
FromELF: creating hex file...
"..\OBJ\IICNEW.axf" - 0 Error(s), 1 Warning(s).
Build target 'Target 1'
linking...
Program Size: Code=15132 RO-data=624 RW-data=376 ZI-data=1832  
FromELF: creating hex file...
"..\OBJ\IICNEW.axf" - 0 Error(s), 0 Warning(s).
Build target 'Target 1'
compiling main.c...
main.c(22): warning:  #177-D: variable "iLoop_i" was declared but never referenced
linking...
Program Size: Code=15148 RO-data=624 RW-data=376 ZI-data=1832  
FromELF: creating hex file...
"..\OBJ\IICNEW.axf" - 0 Error(s), 1 Warning(s).
compiling main.c...
main.c(22): warning:  #177-D: variable "iLoop_i" was declared but never referenced
main.c - 0 Error(s), 1 Warning(s).
Load "..\\OBJ\\IICNEW.AXF" 
Load "..\\OBJ\\IICNEW.AXF" 
compiling main.c...
main.c(22): warning:  #177-D: variable "iLoop_i" was declared but never referenced
main.c - 0 Error(s), 1 Warning(s).
compiling main.c...
main.c(22): warning:  #177-D: variable "iLoop_i" was declared but never referenced
main.c - 0 Error(s), 1 Warning(s).
Build target 'Target 1'
linking...
Program Size: Code=15404 RO-data=624 RW-data=376 ZI-data=1832  
FromELF: creating hex file...
"..\OBJ\IICNEW.axf" - 0 Error(s), 0 Warning(s).
Build target 'Target 1'
linking...
Program Size: Code=15404 RO-data=624 RW-data=376 ZI-data=1832  
FromELF: creating hex file...
"..\OBJ\IICNEW.axf" - 0 Error(s), 0 Warning(s).
Build target 'Target 1'
compiling main.c...
linking...
Program Size: Code=15432 RO-data=624 RW-data=376 ZI-data=1832  
FromELF: creating hex file...
"..\OBJ\IICNEW.axf" - 0 Error(s), 0 Warning(s).
Build target 'Target 1'
compiling main.c...
linking...
Program Size: Code=15432 RO-data=624 RW-data=376 ZI-data=1832  
FromELF: creating hex file...
"..\OBJ\IICNEW.axf" - 0 Error(s), 0 Warning(s).
Build target 'Target 1'
compiling main.c...
linking...
Program Size: Code=15496 RO-data=624 RW-data=376 ZI-data=1832  
FromELF: creating hex file...
"..\OBJ\IICNEW.axf" - 0 Error(s), 0 Warning(s).
Build target 'Target 1'
compiling main.c...
linking...
Program Size: Code=15436 RO-data=624 RW-data=376 ZI-data=1832  
FromELF: creating hex file...
"..\OBJ\IICNEW.axf" - 0 Error(s), 0 Warning(s).
Build target 'Target 1'
compiling main.c...
linking...
Program Size: Code=15432 RO-data=624 RW-data=376 ZI-data=1832  
FromELF: creating hex file...
"..\OBJ\IICNEW.axf" - 0 Error(s), 0 Warning(s).
Build target 'Target 1'
compiling main.c...
linking...
Program Size: Code=15436 RO-data=624 RW-data=376 ZI-data=1832  
FromELF: creating hex file...
"..\OBJ\IICNEW.axf" - 0 Error(s), 0 Warning(s).
Build target 'Target 1'
compiling main.c...
linking...
Program Size: Code=15436 RO-data=624 RW-data=376 ZI-data=1832  
FromELF: creating hex file...
"..\OBJ\IICNEW.axf" - 0 Error(s), 0 Warning(s).
Build target 'Target 1'
compiling main.c...
linking...
Program Size: Code=15436 RO-data=624 RW-data=376 ZI-data=1832  
FromELF: creating hex file...
"..\OBJ\IICNEW.axf" - 0 Error(s), 0 Warning(s).
Build target 'Target 1'
compiling main.c...
linking...
Program Size: Code=15440 RO-data=624 RW-data=376 ZI-data=1832  
FromELF: creating hex file...
"..\OBJ\IICNEW.axf" - 0 Error(s), 0 Warning(s).
Build target 'Target 1'
compiling main.c...
linking...
Program Size: Code=15444 RO-data=624 RW-data=376 ZI-data=1832  
FromELF: creating hex file...
"..\OBJ\IICNEW.axf" - 0 Error(s), 0 Warning(s).
Build target 'Target 1'
compiling main.c...
linking...
Program Size: Code=15444 RO-data=624 RW-data=376 ZI-data=1832  
FromELF: creating hex file...
"..\OBJ\IICNEW.axf" - 0 Error(s), 0 Warning(s).
Build target 'Target 1'
compiling main.c...
linking...
Program Size: Code=15480 RO-data=624 RW-data=376 ZI-data=1832  
FromELF: creating hex file...
"..\OBJ\IICNEW.axf" - 0 Error(s), 0 Warning(s).
Build target 'Target 1'
compiling main.c...
linking...
Program Size: Code=15464 RO-data=624 RW-data=376 ZI-data=1832  
FromELF: creating hex file...
"..\OBJ\IICNEW.axf" - 0 Error(s), 0 Warning(s).
Build target 'Target 1'
compiling main.c...
linking...
Program Size: Code=15444 RO-data=624 RW-data=376 ZI-data=1832  
FromELF: creating hex file...
"..\OBJ\IICNEW.axf" - 0 Error(s), 0 Warning(s).
Build target 'Target 1'
compiling main.c...
linking...
Program Size: Code=15440 RO-data=624 RW-data=376 ZI-data=1832  
FromELF: creating hex file...
"..\OBJ\IICNEW.axf" - 0 Error(s), 0 Warning(s).
Build target 'Target 1'
compiling main.c...
linking...
Program Size: Code=15440 RO-data=624 RW-data=376 ZI-data=1832  
FromELF: creating hex file...
"..\OBJ\IICNEW.axf" - 0 Error(s), 0 Warning(s).
Build target 'Target 1'
compiling main.c...
linking...
Program Size: Code=15440 RO-data=624 RW-data=376 ZI-data=1832  
FromELF: creating hex file...
"..\OBJ\IICNEW.axf" - 0 Error(s), 0 Warning(s).
Build target 'Target 1'
compiling main.c...
linking...
Program Size: Code=15440 RO-data=624 RW-data=376 ZI-data=1832  
FromELF: creating hex file...
"..\OBJ\IICNEW.axf" - 0 Error(s), 0 Warning(s).
Build target 'Target 1'
compiling main.c...
linking...
Program Size: Code=15440 RO-data=624 RW-data=376 ZI-data=1832  
FromELF: creating hex file...
"..\OBJ\IICNEW.axf" - 0 Error(s), 0 Warning(s).
Build target 'Target 1'
compiling main.c...
linking...
Program Size: Code=15444 RO-data=624 RW-data=376 ZI-data=1832  
FromELF: creating hex file...
"..\OBJ\IICNEW.axf" - 0 Error(s), 0 Warning(s).
Build target 'Target 1'
compiling main.c...
main.c(101): warning:  #61-D: integer operation result is out of range
main.c(101): warning:  #68-D: integer conversion resulted in a change of sign
linking...
Program Size: Code=15456 RO-data=624 RW-data=376 ZI-data=1832  
FromELF: creating hex file...
"..\OBJ\IICNEW.axf" - 0 Error(s), 2 Warning(s).
compiling main.c...
main.c(101): warning:  #61-D: integer operation result is out of range
main.c(101): warning:  #68-D: integer conversion resulted in a change of sign
main.c - 0 Error(s), 2 Warning(s).
Build target 'Target 1'
compiling main.c...
linking...
Program Size: Code=15460 RO-data=624 RW-data=376 ZI-data=1832  
FromELF: creating hex file...
"..\OBJ\IICNEW.axf" - 0 Error(s), 0 Warning(s).
Build target 'Target 1'
linking...
Program Size: Code=15460 RO-data=624 RW-data=376 ZI-data=1832  
FromELF: creating hex file...
"..\OBJ\IICNEW.axf" - 0 Error(s), 0 Warning(s).
Build target 'Target 1'
compiling main.c...
linking...
Program Size: Code=15460 RO-data=624 RW-data=376 ZI-data=1832  
FromELF: creating hex file...
"..\OBJ\IICNEW.axf" - 0 Error(s), 0 Warning(s).
Build target 'Target 1'
compiling main.c...
linking...
Program Size: Code=15480 RO-data=624 RW-data=376 ZI-data=1832  
FromELF: creating hex file...
"..\OBJ\IICNEW.axf" - 0 Error(s), 0 Warning(s).
Build target 'Target 1'
linking...
Program Size: Code=15480 RO-data=624 RW-data=376 ZI-data=1832  
FromELF: creating hex file...
"..\OBJ\IICNEW.axf" - 0 Error(s), 0 Warning(s).
Build target 'Target 1'
compiling main.c...
linking...
Program Size: Code=15480 RO-data=624 RW-data=376 ZI-data=1832  
FromELF: creating hex file...
"..\OBJ\IICNEW.axf" - 0 Error(s), 0 Warning(s).
Build target 'Target 1'
compiling main.c...
linking...
Program Size: Code=15480 RO-data=624 RW-data=376 ZI-data=1832  
FromELF: creating hex file...
"..\OBJ\IICNEW.axf" - 0 Error(s), 0 Warning(s).
