C51 COMPILER V9.52.0.0   CAPTURE                                                           11/02/2016 11:48:37 PAGE 1   


C51 COMPILER V9.52.0.0, COMPILATION OF MODULE CAPTURE
OBJECT MODULE PLACED IN .\Output\Capture.obj
COMPILER INVOKED BY: C:\Keil\C51\BIN\C51.EXE Code\Capture.c BROWSE INCDIR(..\..\Include) DEFINE(FOSC_160000) DEBUG OBJEC
                    -TEXTEND PRINT(.\LST\Capture.lst) TABS(2) OBJECT(.\Output\Capture.obj)

line level    source

   1          /*--------------------------------------------------------------------------------------------------------
             --*/
   2          /*                                                                                                        
             - */
   3          /* Copyright(c) 2016 Nuvoton Technology Corp. All rights reserved.                                        
             - */
   4          /*                                                                                                        
             - */
   5          /*--------------------------------------------------------------------------------------------------------
             --*/
   6          
   7          //********************************************************************************************************
             -***
   8          //  Nuvoton Technoledge Corp. 
   9          //  Website: http://www.nuvoton.com
  10          //  E-Mail : MicroC-8bit@nuvoton.com
  11          //  Date   : Apr/21/2016
  12          //********************************************************************************************************
             -***
  13          
  14          //********************************************************************************************************
             -***
  15          //  File Function: N76E003 Timer2 Capture Mode demo code
  16          //********************************************************************************************************
             -***
  17          
  18          #include <stdio.h>
  19          #include "N76E003.h"
  20          #include "Common.h"
  21          #include "Delay.h"
  22          #include "SFR_Macro.h"
  23          #include "Function_Define.h"
  24          
  25          //*****************  The Following is in define in Fucntion_Define.h  ***************************
  26          //****** Always include Function_define.h call the define you want, detail see main(void) *******
  27          //***********************************************************************************************
  28          #if 0
              ///*------------------------------------------------------------------------------------------------------
             -----
              //*    Capture Pin Selection Define
              //--------------------------------------------------------------------------------------------------------
             ---*/
              ////--- Falling Edge -----
              //#define IC0_P12_CAP0_FallingEdge_Capture    CAPCON0|=SET_BIT4;CAPCON1|=0x30;CAPCON1&=0xCF;CAPCON2|=SET_BIT
             -4;CAPCON3&=0xF0
              //#define IC1_P11_CAP0_FallingEdge_Capture    CAPCON0|=SET_BIT4;CAPCON1|=0x30;CAPCON1&=0xCF;CAPCON2|=SET_BIT
             -4;CAPCON3&=0xF0;CAPCON3|=0x01;
              //#define IC2_P10_CAP0_FallingEdge_Capture    CAPCON0|=SET_BIT4;CAPCON1|=0x30;CAPCON1&=0xCF;CAPCON2|=SET_BIT
             -4;CAPCON3&=0xF0;CAPCON3|=0x02;
              //#define IC3_P00_CAP0_FallingEdge_Capture    CAPCON0|=SET_BIT4;CAPCON1|=0x30;CAPCON1&=0xCF;CAPCON2|=SET_BIT
             -4;CAPCON3&=0xF0;CAPCON3|=0x03;
              //#define IC3_P04_CAP0_FallingEdge_Capture    CAPCON0|=SET_BIT4;CAPCON1|=0x30;CAPCON1&=0xCF;CAPCON2|=SET_BIT
             -4;CAPCON3&=0xF0;CAPCON3|=0x04;
              //#define IC4_P01_CAP0_FallingEdge_Capture    CAPCON0|=SET_BIT4;CAPCON1|=0x30;CAPCON1&=0xCF;CAPCON2|=SET_BIT
C51 COMPILER V9.52.0.0   CAPTURE                                                           11/02/2016 11:48:37 PAGE 2   

             -4;CAPCON3&=0xF0;CAPCON3|=0x05;
              //#define IC5_P03_CAP0_FallingEdge_Capture    CAPCON0|=SET_BIT4;CAPCON1|=0x30;CAPCON1&=0xCF;CAPCON2|=SET_BIT
             -4;CAPCON3&=0xF0;CAPCON3|=0x06;
              //#define IC6_P05_CAP0_FallingEdge_Capture    CAPCON0|=SET_BIT4;CAPCON1|=0x30;CAPCON1&=0xCF;CAPCON2|=SET_BIT
             -4;CAPCON3&=0xF0;CAPCON3|=0x07;
              //#define IC7_P15_CAP0_FallingEdge_Capture    CAPCON0|=SET_BIT4;CAPCON1|=0x30;CAPCON1&=0xCF;CAPCON2|=SET_BIT
             -4;CAPCON3&=0xF0;CAPCON3|=0x08;
              
              //#define IC0_P12_CAP1_FallingEdge_Capture    CAPCON0|=SET_BIT5;CAPCON1|=0x0C;CAPCON1&=0xF3;CAPCON2|=SET_BIT
             -5;CAPCON3&=0x0F
              //#define IC1_P11_CAP1_FallingEdge_Capture    CAPCON0|=SET_BIT5;CAPCON1|=0x0C;CAPCON1&=0xF3;CAPCON2|=SET_BIT
             -5;CAPCON3&=0x0F;CAPCON3|=0x10;
              //#define IC2_P10_CAP1_FallingEdge_Capture    CAPCON0|=SET_BIT5;CAPCON1|=0x0C;CAPCON1&=0xF3;CAPCON2|=SET_BIT
             -5;CAPCON3&=0x0F;CAPCON3|=0x20;
              //#define IC3_P00_CAP1_FallingEdge_Capture    CAPCON0|=SET_BIT5;CAPCON1|=0x0C;CAPCON1&=0xF3;CAPCON2|=SET_BIT
             -5;CAPCON3&=0x0F;CAPCON3|=0x30;
              //#define IC3_P04_CAP1_FallingEdge_Capture    CAPCON0|=SET_BIT5;CAPCON1|=0x0C;CAPCON1&=0xF3;CAPCON2|=SET_BIT
             -5;CAPCON3&=0x0F;CAPCON3|=0x40;
              //#define IC4_P01_CAP1_FallingEdge_Capture    CAPCON0|=SET_BIT5;CAPCON1|=0x0C;CAPCON1&=0xF3;CAPCON2|=SET_BIT
             -5;CAPCON3&=0x0F;CAPCON3|=0x50;
              //#define IC5_P03_CAP1_FallingEdge_Capture    CAPCON0|=SET_BIT5;CAPCON1|=0x0C;CAPCON1&=0xF3;CAPCON2|=SET_BIT
             -5;CAPCON3&=0x0F;CAPCON3|=0x60;
              //#define IC6_P05_CAP1_FallingEdge_Capture    CAPCON0|=SET_BIT5;CAPCON1|=0x0C;CAPCON1&=0xF3;CAPCON2|=SET_BIT
             -5;CAPCON3&=0x0F;CAPCON3|=0x70;
              //#define IC7_P15_CAP1_FallingEdge_Capture    CAPCON0|=SET_BIT5;CAPCON1|=0x0C;CAPCON1&=0xF3;CAPCON2|=SET_BIT
             -5;CAPCON3&=0x0F;CAPCON3|=0x80;
              
              //#define IC0_P12_CAP2_FallingEdge_Capture    CAPCON0|=SET_BIT6;CAPCON1|=0x03;CAPCON1&=0xFC;CAPCON2|=SET_BIT
             -6;CAPCON4&=0xF0
              //#define IC1_P11_CAP2_FallingEdge_Capture    CAPCON0|=SET_BIT6;CAPCON1|=0x03;CAPCON1&=0xFC;CAPCON2|=SET_BIT
             -6;CAPCON4&=0xF0;CAPCON4|=0x10;
              //#define IC2_P10_CAP2_FallingEdge_Capture    CAPCON0|=SET_BIT6;CAPCON1|=0x03;CAPCON1&=0xFC;CAPCON2|=SET_BIT
             -6;CAPCON4&=0xF0;CAPCON4|=0x20;
              //#define IC3_P00_CAP2_FallingEdge_Capture    CAPCON0|=SET_BIT6;CAPCON1|=0x03;CAPCON1&=0xFC;CAPCON2|=SET_BIT
             -6;CAPCON4&=0xF0;CAPCON4|=0x30;
              //#define IC3_P04_CAP2_FallingEdge_Capture    CAPCON0|=SET_BIT6;CAPCON1|=0x03;CAPCON1&=0xFC;CAPCON2|=SET_BIT
             -6;CAPCON4&=0xF0;CAPCON4|=0x40;
              //#define IC4_P01_CAP2_FallingEdge_Capture    CAPCON0|=SET_BIT6;CAPCON1|=0x03;CAPCON1&=0xFC;CAPCON2|=SET_BIT
             -6;CAPCON4&=0xF0;CAPCON4|=0x50;
              //#define IC5_P03_CAP2_FallingEdge_Capture    CAPCON0|=SET_BIT6;CAPCON1|=0x03;CAPCON1&=0xFC;CAPCON2|=SET_BIT
             -6;CAPCON4&=0xF0;CAPCON4|=0x60;
              //#define IC6_P05_CAP2_FallingEdge_Capture    CAPCON0|=SET_BIT6;CAPCON1|=0x03;CAPCON1&=0xFC;CAPCON2|=SET_BIT
             -6;CAPCON4&=0xF0;CAPCON4|=0x70;
              //#define IC7_P15_CAP2_FallingEdge_Capture    CAPCON0|=SET_BIT6;CAPCON1|=0x03;CAPCON1&=0xFC;CAPCON2|=SET_BIT
             -6;CAPCON4&=0xF0;CAPCON4|=0x80;
              
              ////----- Rising edge ----
              //#define IC0_P12_CAP0_RisingEdge_Capture     CAPCON0|=SET_BIT4;CAPCON1|=0x30;CAPCON1&=0xDF;CAPCON2|=SET_BIT
             -4;CAPCON3&=0xF0
              //#define IC1_P11_CAP0_RisingEdge_Capture     CAPCON0|=SET_BIT4;CAPCON1|=0x30;CAPCON1&=0xDF;CAPCON2|=SET_BIT
             -4;CAPCON3&=0xF0;CAPCON3|=0x01;
              //#define IC2_P10_CAP0_RisingEdge_Capture     CAPCON0|=SET_BIT4;CAPCON1|=0x30;CAPCON1&=0xDF;CAPCON2|=SET_BIT
             -4;CAPCON3&=0xF0;CAPCON3|=0x02;
              //#define IC3_P00_CAP0_RisingEdge_Capture     CAPCON0|=SET_BIT4;CAPCON1|=0x30;CAPCON1&=0xDF;CAPCON2|=SET_BIT
             -4;CAPCON3&=0xF0;CAPCON3|=0x03;
              //#define IC3_P04_CAP0_RisingEdge_Capture     CAPCON0|=SET_BIT4;CAPCON1|=0x30;CAPCON1&=0xDF;CAPCON2|=SET_BIT
             -4;CAPCON3&=0xF0;CAPCON3|=0x04;
              //#define IC4_P01_CAP0_RisingEdge_Capture     CAPCON0|=SET_BIT4;CAPCON1|=0x30;CAPCON1&=0xDF;CAPCON2|=SET_BIT
             -4;CAPCON3&=0xF0;CAPCON3|=0x05;
              //#define IC5_P03_CAP0_RisingEdge_Capture     CAPCON0|=SET_BIT4;CAPCON1|=0x30;CAPCON1&=0xDF;CAPCON2|=SET_BIT
             -4;CAPCON3&=0xF0;CAPCON3|=0x06;
              //#define IC6_P05_CAP0_RisingEdge_Capture     CAPCON0|=SET_BIT4;CAPCON1|=0x30;CAPCON1&=0xDF;CAPCON2|=SET_BIT
C51 COMPILER V9.52.0.0   CAPTURE                                                           11/02/2016 11:48:37 PAGE 3   

             -4;CAPCON3&=0xF0;CAPCON3|=0x07;
              //#define IC7_P15_CAP0_RisingEdge_Capture     CAPCON0|=SET_BIT4;CAPCON1|=0x30;CAPCON1&=0xDF;CAPCON2|=SET_BIT
             -4;CAPCON3&=0xF0;CAPCON3|=0x08;
              
              //#define IC0_P12_CAP1_RisingEdge_Capture     CAPCON0|=SET_BIT5;CAPCON1|=0x0C;CAPCON1&=0xF7;CAPCON2|=SET_BIT
             -5;CAPCON3&=0x0F
              //#define IC1_P11_CAP1_RisingEdge_Capture     CAPCON0|=SET_BIT5;CAPCON1|=0x0C;CAPCON1&=0xF7;CAPCON2|=SET_BIT
             -5;CAPCON3&=0x0F;CAPCON3|=0x10;
              //#define IC2_P10_CAP1_RisingEdge_Capture     CAPCON0|=SET_BIT5;CAPCON1|=0x0C;CAPCON1&=0xF7;CAPCON2|=SET_BIT
             -5;CAPCON3&=0x0F;CAPCON3|=0x20;
              //#define IC3_P00_CAP1_RisingEdge_Capture     CAPCON0|=SET_BIT5;CAPCON1|=0x0C;CAPCON1&=0xF7;CAPCON2|=SET_BIT
             -5;CAPCON3&=0x0F;CAPCON3|=0x30;
              //#define IC3_P04_CAP1_RisingEdge_Capture     CAPCON0|=SET_BIT5;CAPCON1|=0x0C;CAPCON1&=0xF7;CAPCON2|=SET_BIT
             -5;CAPCON3&=0x0F;CAPCON3|=0x40;
              //#define IC4_P01_CAP1_RisingEdge_Capture     CAPCON0|=SET_BIT5;CAPCON1|=0x0C;CAPCON1&=0xF7;CAPCON2|=SET_BIT
             -5;CAPCON3&=0x0F;CAPCON3|=0x50;
              //#define IC5_P03_CAP1_RisingEdge_Capture     CAPCON0|=SET_BIT5;CAPCON1|=0x0C;CAPCON1&=0xF7;CAPCON2|=SET_BIT
             -5;CAPCON3&=0x0F;CAPCON3|=0x60;
              //#define IC6_P05_CAP1_RisingEdge_Capture     CAPCON0|=SET_BIT5;CAPCON1|=0x0C;CAPCON1&=0xF7;CAPCON2|=SET_BIT
             -5;CAPCON3&=0x0F;CAPCON3|=0x70;
              //#define IC7_P15_CAP1_RisingEdge_Capture     CAPCON0|=SET_BIT5;CAPCON1|=0x0C;CAPCON1&=0xF7;CAPCON2|=SET_BIT
             -5;CAPCON3&=0x0F;CAPCON3|=0x80;
              
              //#define IC0_P12_CAP3_RisingEdge_Capture     CAPCON0|=SET_BIT6;CAPCON1|=0x03;CAPCON1&=0xFD;CAPCON2|=SET_BIT
             -6;CAPCON4&=0xF0
              //#define IC1_P11_CAP3_RisingEdge_Capture     CAPCON0|=SET_BIT6;CAPCON1|=0x03;CAPCON1&=0xFD;CAPCON2|=SET_BIT
             -6;CAPCON4&=0xF0;CAPCON4|=0x01;
              //#define IC2_P10_CAP3_RisingEdge_Capture     CAPCON0|=SET_BIT6;CAPCON1|=0x03;CAPCON1&=0xFD;CAPCON2|=SET_BIT
             -6;CAPCON4&=0xF0;CAPCON4|=0x02;
              //#define IC3_P00_CAP3_RisingEdge_Capture     CAPCON0|=SET_BIT6;CAPCON1|=0x03;CAPCON1&=0xFD;CAPCON2|=SET_BIT
             -6;CAPCON4&=0xF0;CAPCON4|=0x03;
              //#define IC3_P04_CAP3_RisingEdge_Capture     CAPCON0|=SET_BIT6;CAPCON1|=0x03;CAPCON1&=0xFD;CAPCON2|=SET_BIT
             -6;CAPCON4&=0xF0;CAPCON4|=0x04;
              //#define IC4_P01_CAP3_RisingEdge_Capture     CAPCON0|=SET_BIT6;CAPCON1|=0x03;CAPCON1&=0xFD;CAPCON2|=SET_BIT
             -6;CAPCON4&=0xF0;CAPCON4|=0x05;
              //#define IC5_P03_CAP3_RisingEdge_Capture     CAPCON0|=SET_BIT6;CAPCON1|=0x03;CAPCON1&=0xFD;CAPCON2|=SET_BIT
             -6;CAPCON4&=0xF0;CAPCON4|=0x06;
              //#define IC6_P05_CAP3_RisingEdge_Capture     CAPCON0|=SET_BIT6;CAPCON1|=0x03;CAPCON1&=0xFD;CAPCON2|=SET_BIT
             -6;CAPCON4&=0xF0;CAPCON4|=0x07;
              //#define IC7_P15_CAP3_RisingEdge_Capture     CAPCON0|=SET_BIT6;CAPCON1|=0x03;CAPCON1&=0xFD;CAPCON2|=SET_BIT
             -6;CAPCON4&=0xF0;CAPCON4|=0x08;
              
              ////-----BOTH  edge ----
              //#define IC0_P12_CAP0_BothEdge_Capture       CAPCON0|=SET_BIT4;CAPCON1|=0x30;CAPCON1&=0xBF;CAPCON2|=SET_BIT4
             -;CAPCON3&=0xF0
              //#define IC1_P11_CAP0_BothEdge_Capture       CAPCON0|=SET_BIT4;CAPCON1|=0x30;CAPCON1&=0xBF;CAPCON2|=SET_BIT4
             -;CAPCON3&=0xF0;CAPCON3|=0x01;
              //#define IC2_P10_CAP0_BothEdge_Capture       CAPCON0|=SET_BIT4;CAPCON1|=0x30;CAPCON1&=0xBF;CAPCON2|=SET_BIT4
             -;CAPCON3&=0xF0;CAPCON3|=0x02;
              //#define IC3_P00_CAP0_BothEdge_Capture       CAPCON0|=SET_BIT4;CAPCON1|=0x30;CAPCON1&=0xBF;CAPCON2|=SET_BIT4
             -;CAPCON3&=0xF0;CAPCON3|=0x03;
              //#define IC3_P04_CAP0_BothEdge_Capture       CAPCON0|=SET_BIT4;CAPCON1|=0x30;CAPCON1&=0xBF;CAPCON2|=SET_BIT4
             -;CAPCON3&=0xF0;CAPCON3|=0x04;
              //#define IC4_P01_CAP0_BothEdge_Capture       CAPCON0|=SET_BIT4;CAPCON1|=0x30;CAPCON1&=0xBF;CAPCON2|=SET_BIT4
             -;CAPCON3&=0xF0;CAPCON3|=0x05;
              //#define IC5_P03_CAP0_BothEdge_Capture       CAPCON0|=SET_BIT4;CAPCON1|=0x30;CAPCON1&=0xBF;CAPCON2|=SET_BIT4
             -;CAPCON3&=0xF0;CAPCON3|=0x06;
              //#define IC6_P05_CAP0_BothEdge_Capture       CAPCON0|=SET_BIT4;CAPCON1|=0x30;CAPCON1&=0xBF;CAPCON2|=SET_BIT4
             -;CAPCON3&=0xF0;CAPCON3|=0x07;
              //#define IC7_P15_CAP0_BothEdge_Capture       CAPCON0|=SET_BIT4;CAPCON1|=0x30;CAPCON1&=0xBF;CAPCON2|=SET_BIT4
             -;CAPCON3&=0xF0;CAPCON3|=0x08;
              
C51 COMPILER V9.52.0.0   CAPTURE                                                           11/02/2016 11:48:37 PAGE 4   

              //#define IC0_P12_CAP1_BothEdge_Capture       CAPCON0|=SET_BIT5;CAPCON1|=0x0C;CAPCON1&=0xEF;CAPCON2|=SET_BIT5
             -;CAPCON3&=0x0F
              //#define IC1_P11_CAP1_BothEdge_Capture       CAPCON0|=SET_BIT5;CAPCON1|=0x0C;CAPCON1&=0xEF;CAPCON2|=SET_BIT5
             -;CAPCON3&=0x0F;CAPCON3|=0x10;
              //#define IC2_P10_CAP1_BothEdge_Capture       CAPCON0|=SET_BIT5;CAPCON1|=0x0C;CAPCON1&=0xEF;CAPCON2|=SET_BIT5
             -;CAPCON3&=0x0F;CAPCON3|=0x20;
              //#define IC3_P00_CAP1_BothEdge_Capture       CAPCON0|=SET_BIT5;CAPCON1|=0x0C;CAPCON1&=0xEF;CAPCON2|=SET_BIT5
             -;CAPCON3&=0x0F;CAPCON3|=0x30;
              //#define IC3_P04_CAP1_BothEdge_Capture       CAPCON0|=SET_BIT5;CAPCON1|=0x0C;CAPCON1&=0xEF;CAPCON2|=SET_BIT5
             -;CAPCON3&=0x0F;CAPCON3|=0x40;
              //#define IC4_P01_CAP1_BothEdge_Capture       CAPCON0|=SET_BIT5;CAPCON1|=0x0C;CAPCON1&=0xEF;CAPCON2|=SET_BIT5
             -;CAPCON3&=0x0F;CAPCON3|=0x50;
              //#define IC5_P03_CAP1_BothEdge_Capture       CAPCON0|=SET_BIT5;CAPCON1|=0x0C;CAPCON1&=0xEF;CAPCON2|=SET_BIT5
             -;CAPCON3&=0x0F;CAPCON3|=0x60;
              //#define IC6_P05_CAP1_BothEdge_Capture       CAPCON0|=SET_BIT5;CAPCON1|=0x0C;CAPCON1&=0xEF;CAPCON2|=SET_BIT5
             -;CAPCON3&=0x0F;CAPCON3|=0x70;
              //#define IC7_P15_CAP1_BothEdge_Capture       CAPCON0|=SET_BIT5;CAPCON1|=0x0C;CAPCON1&=0xEF;CAPCON2|=SET_BIT5
             -;CAPCON3&=0x0F;CAPCON3|=0x80;
              
              //#define IC0_P12_CAP3_BothEdge_Capture       CAPCON0|=SET_BIT6;CAPCON1|=0x03;CAPCON1&=0xFB;CAPCON2|=SET_BIT6
             -;CAPCON4&=0xF0
              //#define IC1_P11_CAP3_BothEdge_Capture       CAPCON0|=SET_BIT6;CAPCON1|=0x03;CAPCON1&=0xFB;CAPCON2|=SET_BIT6
             -;CAPCON4&=0xF0;CAPCON4|=0x01;
              //#define IC2_P10_CAP3_BothEdge_Capture       CAPCON0|=SET_BIT6;CAPCON1|=0x03;CAPCON1&=0xFB;CAPCON2|=SET_BIT6
             -;CAPCON4&=0xF0;CAPCON4|=0x02;
              //#define IC3_P00_CAP3_BothEdge_Capture       CAPCON0|=SET_BIT6;CAPCON1|=0x03;CAPCON1&=0xFB;CAPCON2|=SET_BIT6
             -;CAPCON4&=0xF0;CAPCON4|=0x03;
              //#define IC3_P04_CAP3_BothEdge_Capture       CAPCON0|=SET_BIT6;CAPCON1|=0x03;CAPCON1&=0xFB;CAPCON2|=SET_BIT6
             -;CAPCON4&=0xF0;CAPCON4|=0x04;
              //#define IC4_P01_CAP3_BothEdge_Capture       CAPCON0|=SET_BIT6;CAPCON1|=0x03;CAPCON1&=0xFB;CAPCON2|=SET_BIT6
             -;CAPCON4&=0xF0;CAPCON4|=0x05;
              //#define IC5_P03_CAP3_BothEdge_Capture       CAPCON0|=SET_BIT6;CAPCON1|=0x03;CAPCON1&=0xFB;CAPCON2|=SET_BIT6
             -;CAPCON4&=0xF0;CAPCON4|=0x06;
              //#define IC6_P05_CAP3_BothEdge_Capture       CAPCON0|=SET_BIT6;CAPCON1|=0x03;CAPCON1&=0xFB;CAPCON2|=SET_BIT6
             -;CAPCON4&=0xF0;CAPCON4|=0x07;
              //#define IC7_P15_CAP3_BothEdge_Capture       CAPCON0|=SET_BIT6;CAPCON1|=0x03;CAPCON1&=0xFB;CAPCON2|=SET_BIT6
             -;CAPCON4&=0xF0;CAPCON4|=0x08;
              
              //#define TIMER2_IC2_DISABLE                  CAPCON0&=~SET_BIT6       
              //#define TIMER2_IC1_DISABLE                  CAPCON0&=~SET_BIT5      
              //#define TIMER2_IC0_DISABLE                  CAPCON0&=~SET_BIT4  
              ///*------------------------------------------------------------------------------------------------------
             -----
              //*    Timer2 mode define
              //--------------------------------------------------------------------------------------------------------
             -----*/
              //#define TIMER2_Auto_Reload_Delay_Mode       T2CON&=~SET_BIT0;T2MOD|=SET_BIT7;T2MOD|=SET_BIT3
              //#define TIMER2_Auto_Reload_Capture_Mode     T2CON&=~SET_BIT0;T2MOD|=SET_BIT7
              //#define TIMER2_Compare_Capture_Mode         T2CON|=SET_BIT0;T2MOD&=~SET_BIT7;T2MOD|=SET_BIT2
              ///*------------------------------------------------------------------------------------------------------
             -----
              //*   Timer devider define
              //--------------------------------------------------------------------------------------------------------
             ---*/
              //#define TIMER2_DIV_4      T2MOD|=0x10;T2MOD&=0x9F
              //#define TIMER2_DIV_16     T2MOD|=0x20;T2MOD&=0xAF
              //#define TIMER2_DIV_32     T2MOD|=0x30;T2MOD&=0xBF
              //#define TIMER2_DIV_64     T2MOD|=0x40;T2MOD&=0xCF
              //#define TIMER2_DIV_128    T2MOD|=0x50;T2MOD&=0xDF
              //#define TIMER2_DIV_256    T2MOD|=0x60;T2MOD&=0xEF
              //#define TIMER2_DIV_512    T2MOD|=0x70
              #endif
C51 COMPILER V9.52.0.0   CAPTURE                                                           11/02/2016 11:48:37 PAGE 5   

 145          
 146          
 147          /*********************************************************************************************************
             -***
 148          *    Timer2 Capture interrupt subroutine
 149          **********************************************************************************************************
             -**/
 150          void Capture_ISR (void) interrupt 12
 151          {
 152   1              clr_CAPF0;                          // clear capture0 interrupt flag
 153   1              P1 = C0L;                           // For capture mode CxL/CxH with data capture from I/O pin
 154   1              P2 = C0H;                           
 155   1              P12 = ~P12;                         //toggle GPIO1 to show int
 156   1      }
 157          /*********************************************************************************************************
             -***
 158          *    Main function 
 159          **********************************************************************************************************
             -**/
 160          void main (void)
 161          {
 162   1          Set_All_GPIO_Quasi_Mode;
 163   1          TIMER2_Compare_Capture_Mode;
 164   1          IC3_P00_CAP0_BothEdge_Capture;
 165   1          
 166   1          set_ET2;                                    //Enable Timer2 interrupt
 167   1          set_ECAP;                                   //Enable Capture interrupt
 168   1          set_TR2;                                    //Triger Timer2
 169   1          set_EA;
 170   1          
 171   1          while(1);
 172   1      }


MODULE INFORMATION:   STATIC OVERLAYABLE
   CODE SIZE        =     64    ----
   CONSTANT SIZE    =   ----    ----
   XDATA SIZE       =   ----    ----
   PDATA SIZE       =   ----    ----
   DATA SIZE        =   ----    ----
   IDATA SIZE       =   ----    ----
   BIT SIZE         =   ----    ----
END OF MODULE INFORMATION.


C51 COMPILATION COMPLETE.  0 WARNING(S),  0 ERROR(S)
