C51 COMPILER V9.52.0.0   COMMON                                                            06/06/2016 14:24:21 PAGE 1   


C51 COMPILER V9.52.0.0, COMPILATION OF MODULE COMMON
OBJECT MODULE PLACED IN .\Output\Common.obj
COMPILER INVOKED BY: C:\Keil\C51\BIN\C51.EXE ..\..\Common\Common.c BROWSE INCDIR(..\..\Include) DEFINE(FOSC_221184) DEBU
                    -G OBJECTEXTEND PRINT(.\LST\Common.lst) TABS(2) OBJECT(.\Output\Common.obj)

line level    source

   1          /*--------------------------------------------------------------------------------------------------------
             --*/
   2          /*                                                                                                        
             - */
   3          /* Copyright(c) 2015 Nuvoton Technology Corp. All rights reserved.                                        
             - */
   4          /*                                                                                                        
             - */
   5          /*--------------------------------------------------------------------------------------------------------
             --*/
   6          
   7          //********************************************************************************************************
             -***
   8          //  Nuvoton Technoledge Corp. 
   9          //  Website: http://www.nuvoton.com
  10          //  E-Mail : MicroC-8bit@nuvoton.com
  11          //  Date   : Apr/21/2015
  12          //********************************************************************************************************
             -***
  13          
  14          #include "N76E885.h"
  15          #include "Typedef.h"
  16          #include "Define.h"
  17          #include "SFR_Macro.h"
  18          #include "Common.h"
  19          #include "Delay.h"
  20          
  21          //----------------------------------------------------------------------------------
  22          // use timer1 as Baudrate generator, Maxmum Baudrate can 1382400 bps @ 22.1184MHz
  23          //----------------------------------------------------------------------------------
  24          void InitialUART0_Timer1(UINT32 u32Baudrate)    //T1M = 1, SMOD = 1
  25          {
  26   1          SCON = 0x52;     //UART0 Mode1,REN=1,TI=1
  27   1          TMOD |= 0x20;    //Timer1 Mode1
  28   1          
  29   1          set_SMOD;        //UART0 Double Rate Enable
  30   1          set_T1M;
  31   1          clr_BRCK;        //Serial port 0 baud rate clock source = Timer1
  32   1      
  33   1      #ifdef FOSC_110592
                  TH1 = 256 - (691200/u32Baudrate);               /*11.0592 MHz */
              #endif    
  36   1      #ifdef FOSC_184320
                  TH1 = 256 - (1152000/u32Baudrate);              /*18.4320 MHz */
              #endif
  39   1      #ifdef FOSC_200000
                  TH1 = 256 - (1250000/u32Baudrate);              /*20.0000 MHz */
              #endif
  42   1      #ifdef FOSC_221184
  43   1          TH1 = 256 - (1382400/u32Baudrate);              /*22.1184 MHz */
  44   1      #endif
  45   1          set_TR1;
  46   1      }
  47          //---------------------------------------------------------------
C51 COMPILER V9.52.0.0   COMMON                                                            06/06/2016 14:24:21 PAGE 2   

  48          void InitialUART0_Timer3(UINT32 u32Baudrate) //use timer3 as Baudrate generator
  49          {
  50   1          SCON = 0x52;     //UART0 Mode1,REN=1,TI=1
  51   1          set_SMOD;        //UART0 Double Rate Enable
  52   1          T3CON &= 0xF8;   //T3PS2=0,T3PS1=0,T3PS0=0(Prescale=1)
  53   1          set_BRCK;        //UART0 baud rate clock source = Timer3
  54   1          
  55   1      #ifdef FOSC_110592
                  RH3    = HIBYTE(65536 - (691200/u32Baudrate));  /*11.0592 MHz */
                  RL3    = LOBYTE(65536 - (691200/u32Baudrate));  /*11.0592 MHz */
              #endif
  59   1      #ifdef FOSC_184320
                  RH3    = HIBYTE(65536 - (1152000/u32Baudrate)); /*18.4320 MHz */
                  RL3    = LOBYTE(65536 - (1152000/u32Baudrate)); /*18.4320 MHz */
              #endif
  63   1      #ifdef FOSC_200000
                  RH3    = HIBYTE(65536 - (1250000/u32Baudrate)); /*20.0000 MHz */
                  RL3    = LOBYTE(65536 - (1250000/u32Baudrate)); /*20.0000 MHz */
              #endif
  67   1      #ifdef FOSC_221184
  68   1          RH3    = HIBYTE(65536 - (1382400/u32Baudrate)); /*22.1184 MHz */
  69   1          RL3    = LOBYTE(65536 - (1382400/u32Baudrate)); /*22.1184 MHz */
  70   1      #endif
  71   1          set_TR3;         //Trigger Timer3
  72   1      }
  73          
  74          UINT8 Receive_Data_From_UART0(void)
  75          {
  76   1          UINT8 c;
  77   1          
  78   1          while (!RI);
  79   1          c = SBUF;
  80   1          RI = 0;
  81   1          return (c);
  82   1      }
  83          
  84          void Send_Data_To_UART0 (UINT8 c)
  85          {
  86   1          TI = 0;
  87   1          SBUF = c;
  88   1          while(TI==0);
  89   1      }
  90          
  91          
  92          //---------------------------------------------------------------
  93          void InitialUART1_Timer3(UINT32 u32Baudrate) //use timer3 as Baudrate generator
  94          {
  95   1          SCON_1 = 0x52;   //UART1 Mode1,REN_1=1,TI_1=1
  96   1          T3CON &= 0xF8;   //T3PS2=0,T3PS1=0,T3PS0=0(Prescale=1)
  97   1          
  98   1      #ifdef FOSC_110592  //max BR=230400 bps
                  RH3    = HIBYTE(65536 - (691200/u32Baudrate));  /*11.0592 MHz */
                  RL3    = LOBYTE(65536 - (691200/u32Baudrate));  /*11.0592 MHz */
              #endif
 102   1      #ifdef FOSC_184320
                  RH3    = HIBYTE(65536 - (1152000/u32Baudrate)); /*18.4320 MHz */
                  RL3    = LOBYTE(65536 - (1152000/u32Baudrate)); /*18.4320 MHz */
              #endif
 106   1      #ifdef FOSC_200000
                  RH3    = HIBYTE(65536 - (1250000/u32Baudrate)); /*20.0000 MHz */
                  RL3    = LOBYTE(65536 - (1250000/u32Baudrate)); /*20.0000 MHz */
              #endif
C51 COMPILER V9.52.0.0   COMMON                                                            06/06/2016 14:24:21 PAGE 3   

 110   1      #ifdef FOSC_221184  //max BR=460800 bps
 111   1          RH3    = HIBYTE(65536 - (1382400/u32Baudrate)); /*22.1184 MHz */
 112   1          RL3    = LOBYTE(65536 - (1382400/u32Baudrate)); /*22.1184 MHz */
 113   1      #endif
 114   1          set_TR3;         //Trigger Timer3
 115   1      }
 116          
 117          UINT8 Receive_Data_From_UART1(void)
 118          {
 119   1          UINT8 c;
 120   1          
 121   1          while (!RI_1);
 122   1          c = SBUF_1;
 123   1          RI_1 = 0;
 124   1          return (c);
 125   1      }
 126          
 127          void Send_Data_To_UART1 (UINT8 c)
 128          {
 129   1          TI_1 = 0;
 130   1          SBUF_1 = c;
 131   1          while(TI_1==0);
 132   1      }
 133          
 134          /*==========================================================================*/
 135          
 136          void Set_All_GPIO_Quasi_Mode(void)
 137          {
 138   1          P0M1 = 0x00;
 139   1          P0M2 = 0x00;
 140   1          P1M1 = 0x00;
 141   1          P1M2 = 0x00;
 142   1          P2M1 = 0x00;
 143   1          P2M2 = 0x00;
 144   1          P3M1 = 0x00;
 145   1          P3M2 = 0x00;
 146   1      }
 147          
 148          UINT8 GPIO1_Toggle(void)
 149          {
 150   1        clr_P04;
 151   1        Timer0_Delay1ms(100);
 152   1        set_P04;
 153   1        Timer0_Delay1ms(100);
 154   1        clr_P04;
 155   1        Timer0_Delay1ms(100);
 156   1        set_P04;
 157   1        Timer0_Delay1ms(100);
 158   1        return 0;
 159   1      }
 160          
 161          UINT8 GPIO2_Toggle(void)
 162          {
 163   1        clr_P03;
 164   1        Timer1_Delay1ms(100);
 165   1        set_P03;
 166   1        Timer1_Delay1ms(100);
 167   1        clr_P03;
 168   1        Timer1_Delay1ms(100);
 169   1        set_P03;
 170   1        Timer1_Delay1ms(100);
 171   1        return 0;
C51 COMPILER V9.52.0.0   COMMON                                                            06/06/2016 14:24:21 PAGE 4   

 172   1      }
 173          /*==========================================================================*/
 174          #ifdef SW_Reset
              void SW_Reset(void)
              {
                  TA = 0xAA;
                  TA = 0x55;
                  set_SWRST;
              }
              #endif
 182          /*==========================================================================*/


MODULE INFORMATION:   STATIC OVERLAYABLE
   CODE SIZE        =    374    ----
   CONSTANT SIZE    =   ----    ----
   XDATA SIZE       =   ----    ----
   PDATA SIZE       =   ----    ----
   DATA SIZE        =   ----       8
   IDATA SIZE       =   ----    ----
   BIT SIZE         =   ----    ----
END OF MODULE INFORMATION.


C51 COMPILATION COMPLETE.  0 WARNING(S),  0 ERROR(S)
