<html>
<body>
<pre>
<h1>µVision Build Log</h1>
<h2>Tool Versions:</h2>
IDE-Version: ¦ÌVision V5.14.0.0
Copyright (C) 2015 ARM Ltd and ARM Germany GmbH. All rights reserved.
License Information: sfdsf fdsfs, sdfsd, LIC=AK101-CRBPZ-NR7XL-0UEHN-69JM8-7GGFA
 
Tool Versions:
Toolchain:       MDK-ARM Professional  Version: 5.14.0.0
Toolchain Path:  D:\install\install\keil5\ARM\ARMCC\Bin
C Compiler:      Armcc.exe V5.05 update 1 (build 106)
Assembler:       Armasm.exe V5.05 update 1 (build 106)
Linker/Locator:  ArmLink.exe V5.05 update 1 (build 106)
Library Manager: ArmAr.exe V5.05 update 1 (build 106)
Hex Converter:   FromElf.exe V5.05 update 1 (build 106)
CPU DLL:         SARMCM3.DLL V5.14.0.0
Dialog DLL:      DARMSTM.DLL V1.65.0.0
Target DLL:      Segger\JL2CM3.dll V2.99.13.0
Dialog DLL:      TARMSTM.DLL V1.64.0.0
 
<h2>Project:</h2>
D:\code\stm32.cc\ÖÇÄÜËø2\USER\main.uvproj
Project File Date:  06/04/2018

<h2>Output:</h2>
Build target 'Target 1'
compiling main.c...
main.c(126): warning:  #111-D: statement is unreachable
        delay_ms(5000);
main.c(76): warning:  #177-D: variable "led0pwmval" was declared but never referenced
        u16 led0pwmval=0;
main.c(77): warning:  #177-D: variable "dir" was declared but never referenced
        u8 dir=1;       
main.c(193): warning:  #167-D: argument of type "u8 *" is incompatible with parameter of type "const char *"
         if (strstr(USART2_RX_BUF,"lockflag1") != NULL)
main.c(198): warning:  #167-D: argument of type "u8 *" is incompatible with parameter of type "const char *"
                else if(strstr(USART2_RX_BUF,"lockflag0") != NULL)
main.c(207): warning:  #167-D: argument of type "u8 *" is incompatible with parameter of type "const char *restrict"
                        printf(USART2_RX_BUF);
main.c(233): warning:  #167-D: argument of type "u8 *" is incompatible with parameter of type "const char *"
                                        while(strncmp(USART2_RX_BUF,USART2_RX_FLAG,200)<=0);
main.c(233): warning:  #167-D: argument of type "u8 *" is incompatible with parameter of type "const char *"
                                        while(strncmp(USART2_RX_BUF,USART2_RX_FLAG,200)<=0);
main.c(234): warning:  #167-D: argument of type "u8 *" is incompatible with parameter of type "const char *"
                                        if (strstr(USART2_RX_BUF, Response) != NULL)
main.c(237): warning:  #167-D: argument of type "u8 *" is incompatible with parameter of type "const char *restrict"
                                                printf(USART2_RX_BUF);
main.c(246): warning:  #167-D: argument of type "u8 *" is incompatible with parameter of type "const char *restrict"
        printf(USART2_RX_BUF);
main.c(270): warning:  #167-D: argument of type "u8 *" is incompatible with parameter of type "const char *"
                                if (strstr(USART2_RX_BUF, Response) != NULL)
main.c(273): warning:  #167-D: argument of type "u8 *" is incompatible with parameter of type "const char *restrict"
                                        printf(USART2_RX_BUF);
main.c(282): warning:  #167-D: argument of type "u8 *" is incompatible with parameter of type "const char *restrict"
        printf(USART2_RX_BUF);
main.c(305): warning:  #167-D: argument of type "u8 *" is incompatible with parameter of type "const char *"
                                if (strstr(USART2_RX_BUF, Response) != NULL)
main.c(308): warning:  #167-D: argument of type "u8 *" is incompatible with parameter of type "const char *restrict"
                                        printf(USART2_RX_BUF);
main.c(317): warning:  #167-D: argument of type "u8 *" is incompatible with parameter of type "const char *restrict"
        printf(USART2_RX_BUF);
main.c(411): warning:  #1-D: last line of file ends without a newline
  }
main.c: 18 warnings, 0 errors
linking...
Program Size: Code=19532 RO-data=784 RW-data=80 ZI-data=2560  
FromELF: creating hex file...
"..\OBJ\main.axf" - 0 Error(s), 18 Warning(s).
</pre>
</body>
</html>
