C51 COMPILER V9.52.0.0   DELAY                                                             05/05/2016 15:46:47 PAGE 1   


C51 COMPILER V9.52.0.0, COMPILATION OF MODULE DELAY
OBJECT MODULE PLACED IN .\Output\Delay.obj
COMPILER INVOKED BY: C:\Keil\C51\BIN\C51.EXE ..\..\Common\Delay.c BROWSE INCDIR(..\..\Include) DEFINE(FOSC_221184) DEBUG
                    - OBJECTEXTEND PRINT(.\LST\Delay.lst) TABS(2) OBJECT(.\Output\Delay.obj)

line level    source

   1          /*--------------------------------------------------------------------------------------------------------
             --*/
   2          /*                                                                                                        
             - */
   3          /* Copyright(c) 2015 Nuvoton Technology Corp. All rights reserved.                                        
             - */
   4          /*                                                                                                        
             - */
   5          /*--------------------------------------------------------------------------------------------------------
             --*/
   6          
   7          //********************************************************************************************************
             -***
   8          //  Nuvoton Technoledge Corp. 
   9          //  Website: http://www.nuvoton.com
  10          //  E-Mail : MicroC-8bit@nuvoton.com
  11          //  Date   : Apr/21/2015
  12          //********************************************************************************************************
             -***
  13          
  14          #include "N76E885.h"
  15          #include "Typedef.h"
  16          #include "Define.h"
  17          #include "SFR_Macro.h"
  18          #include "Common.h"
  19          #include "Delay.h"
  20          
  21          #ifdef FOSC_110592
                  #define VALUE_10us          65536-9     //9*12/11.0592 = 10 uS,  Timer Clock = Fsys/12
                  #define VALUE_1ms           65536-923   //923*12/11.0592 = 1 mS, Timer Clock = Fsys/12
                  #define TM3_VALUE_10us      65536-28    //28*4/11.0592 = 10 uS,  Timer Clock = Fsys/4
                  #define TM3_VALUE_1ms       65536-2765  //2765*4/11.0592 = 1 mS, Timer Clock = Fsys/4
              #endif
  27          #ifdef FOSC_184320
                  #define VALUE_10us          65536-15    //15*12/18.432 = 10 uS,  Timer Clock = Fsys/12
                  #define VALUE_1ms           65536-1536  //1536*12/18.432 = 1 mS, Timer Clock = Fsys/12
                  #define TM3_VALUE_10us      65536-46    //46*4/18.432 = 10 uS,   Timer Clock = Fsys/4
                  #define TM3_VALUE_1ms       65536-4608  //4608*4/18.432 = 1 mS,  Timer Clock = Fsys/4
              #endif
  33          #ifdef FOSC_200000
                  #define VALUE_10us          65536-17    //17*12/20.0000 = 10 uS,  Timer Clock = Fsys/12
                  #define VALUE_1ms           65536-1666  //1666*12/20.0000 = 1 mS, Timer Clock = Fsys/12
                  #define TM3_VALUE_10us      65536-50    //50*4/20.000 = 10 uS,    Timer Clock = Fsys/4
                  #define TM3_VALUE_1ms       65536-5000  //5000*4/20.000 = 1 mS,   Timer Clock = Fsys/4
              #endif
  39          #ifdef FOSC_221184
  40              #define VALUE_10us          65536-18    //18*12/22.1184 = 10 uS,  Timer Clock = Fsys/12
  41              #define VALUE_1ms           65536-1843  //1843*12/22.1184 = 1 mS, Timer Clock = Fsys/12
  42              #define TM3_VALUE_10us      65536-56    //9*4/22.1184 = 10 uS,    Timer Clock = Fsys/4
  43              #define TM3_VALUE_1ms       65536-5530  //923*4/22.1184 = 1 mS,   Timer Clock = Fsys/4
  44          #endif
  45          
  46          #ifdef USE_DELAY
              //-------------------------------------------------------------------------
C51 COMPILER V9.52.0.0   DELAY                                                             05/05/2016 15:46:47 PAGE 2   

              void Random_Delay(void) reentrant //reentrant --> 在中斷 ISR 調用此 function 時候
              {
                  UINT32 u32CNT,u32Tmp;
                  
                  for (u32CNT=0;u32CNT<0x0000FFFF;u32CNT++)
                  {
                      u32Tmp ++;
                  }
              }
              //-------------------------------------------------------------------------
              void Delay10us(UINT16 u16CNT)
              {
                  clr_T0M;                                //T0M=0, Timer0 Clock = Fsys/12
                  TMOD |= 0x01;                           //Timer0 is 16-bit mode
                  set_TR0;                                //Trigger Timer0
                  while (u16CNT != 0)
                  {
                      TL0 = LOBYTE(VALUE_10us);   
                      TH0 = HIBYTE(VALUE_10us);
                      while (TF0 != 1);                   //Check Timer0 Time-Out Flag
                      clr_TF0;
                      u16CNT --;
                  }
                  clr_TR0;                                //Stop the Timer0
              }
              //------------------------------------------------------------------------------
              void Timer0_Delay1ms(UINT32 u32CNT)
              {
                  clr_T0M;                                //T0M=0, Timer0 Clock = Fsys/12
                  TMOD |= 0x01;                           //Timer0 is 16-bit mode
                  set_TR0;                                //Trigger Timer0
                  while (u32CNT != 0)
                  {
                      TL0 = LOBYTE(VALUE_1ms); 
                      TH0 = HIBYTE(VALUE_1ms);
                      while (TF0 != 1);                   //Check Timer0 Time-Out Flag
                      clr_TF0;
                      u32CNT --;
                  }
                  clr_TR0;                                //Stop the Timer0
              }
              //------------------------------------------------------------------------------
              void Timer1_Delay1ms(UINT32 u32CNT)
              {
                  clr_T1M;                                //T1M=0, Timer1 Clock = Fsys/12
                  TMOD |= 0x10;                           //Timer1 is 16-bit mode
                  set_TR1;                                //Trigger Timer1
                  while (u32CNT != 0)
                  {
                      TL1 = LOBYTE(VALUE_1ms); 
                      TH1 = HIBYTE(VALUE_1ms);
                      while (TF1 != 1);                   //Check Timer1 Time-Out Flag
                      clr_TF1;
                      u32CNT --;
                  }
                  clr_TR1;                                //Stop the Timer1
              }
              //------------------------------------------------------------------------------
              void Timer2_Delay1ms(UINT32 u32CNT)
              {
                  /*                                      //Timer2 Clock = Fsys/4 */
                  clr_T2DIV2;
C51 COMPILER V9.52.0.0   DELAY                                                             05/05/2016 15:46:47 PAGE 3   

                  clr_T2DIV1;
                  set_T2DIV0;
                  set_TR2;                                //Trigger Timer2
                  while (u32CNT != 0)
                  {
                      TL2 = LOBYTE(TM3_VALUE_1ms); 
                      TH2 = HIBYTE(TM3_VALUE_1ms);
                      while (TF2 != 1);                   //Check Timer2 Time-Out Flag
                      clr_TF2;
                      u32CNT --;
                  }
                  TR2 =0 ;                                //Stop the Timer2
              }
              //------------------------------------------------------------------------------
              void Timer3_Delay1ms(UINT32 u32CNT)
              {
                  T3CON = 0x02;                           //Timer3 Clock = Fsys/4
                  set_TR3;                                //Trigger Timer3
                  while (u32CNT != 0)
                  {
                      RL3 = LOBYTE(TM3_VALUE_1ms); 
                      RH3 = HIBYTE(TM3_VALUE_1ms);
                      while ((T3CON&SET_BIT4) != SET_BIT4);//Check Timer3 Time-Out Flag
                      clr_TF3;
                      u32CNT --;
                  }
                  clr_TR3;                                //Stop the Timer3
              }
              //------------------------------------------------------------------------------
              void WakeUp_Timer_Delay25ms(UINT32 u32CNT)  //Clock source is 10KHz
              {
                  clr_WKPS2;                              //Clock Divider Scale is 1
                  clr_WKPS1;
                  clr_WKPS0;
                  
                  RWK = 0x00;
                  
                  clr_WKTCK;                              //WDT Clock source is form LIRC (10KHz)
                  set_WKTR;                               //Trigger Watch Dog Timer
                  while (u32CNT != 0)
                  {
                      while ((WKCON&SET_BIT4) != SET_BIT4);//Check Time-Out Flag
                      clr_WKTF;
                      u32CNT --;
                  }
                  clr_WKTR;                              //Stop the Watch Dog Timer
              }
              #endif


MODULE INFORMATION:   STATIC OVERLAYABLE
   CODE SIZE        =   ----    ----
   CONSTANT SIZE    =   ----    ----
   XDATA SIZE       =   ----    ----
   PDATA SIZE       =   ----    ----
   DATA SIZE        =   ----    ----
   IDATA SIZE       =   ----    ----
   BIT SIZE         =   ----    ----
END OF MODULE INFORMATION.


C51 COMPILATION COMPLETE.  0 WARNING(S),  0 ERROR(S)
